// Jest Snapshot v1, https://goo.gl/fbAQLP

exports[`Button component Renders initial component 1`] = `
<button
  className=""
  type="button"
>
  Some Text
</button>
`;
