// Jest Snapshot v1, https://goo.gl/fbAQLP

exports[`FileUpload component Renders initial component 1`] = `
<FileUpload
  appearance={
    Object {
      "align": "center",
    }
  }
  connect={false}
  disableClick={true}
  help="Some help text"
  intl={
    Object {
      "defaultFormats": Object {},
      "defaultLocale": "en",
      "formatDate": [Function],
      "formatHTMLMessage": [Function],
      "formatMessage": [Function],
      "formatNumber": [Function],
      "formatPlural": [Function],
      "formatRelative": [Function],
      "formatTime": [Function],
      "formats": Object {},
      "formatters": Object {
        "getDateTimeFormat": [Function],
        "getMessageFormat": [Function],
        "getNumberFormat": [Function],
        "getPluralFormat": [Function],
        "getRelativeFormat": [Function],
      },
      "locale": "en",
      "messages": Object {},
      "now": [Function],
      "textComponent": "span",
    }
  }
  itemComponent={[Function]}
  label="Basic file upload"
  maxFileSize={1048576}
  maxFilesLimit={3}
  name="fileUpload"
  upload={[Function]}
/>
`;
